[25/Jul/2026 11:24:07] "GET /api/health/ HTTP/1.1" 200 31
[25/Jul/2026 11:24:07,918] - Broken pipe from ('127.0.0.1', 58412)
[25/Jul/2026 11:24:22] "GET /api/health/ HTTP/1.1" 200 31
[25/Jul/2026 11:24:22,504] - Broken pipe from ('127.0.0.1', 58417)
Unauthorized: /api/auth/login/
{"time":"2026-07-25 11:24:36,335","level":"WARNING","logger":"django.request","message":"Unauthorized: /api/auth/login/"}
[25/Jul/2026 11:24:36] "POST /api/auth/login/ HTTP/1.1" 401 32
[25/Jul/2026 11:24:36,401] - Broken pipe from ('127.0.0.1', 58422)
[25/Jul/2026 11:27:39] "OPTIONS /api/auth/login/ HTTP/1.1" 200 0
[25/Jul/2026 11:27:40] "POST /api/auth/login/ HTTP/1.1" 200 1437
[25/Jul/2026 11:27:41] "OPTIONS /api/needs/ HTTP/1.1" 200 0
[25/Jul/2026 11:27:41] "GET /api/needs/ HTTP/1.1" 200 402
[25/Jul/2026 11:27:57] "OPTIONS /api/donations/my-donations/ HTTP/1.1" 200 0
[25/Jul/2026 11:27:57] "GET /api/donations/my-donations/ HTTP/1.1" 200 357
[25/Jul/2026 11:28:07] "OPTIONS /api/auth/me/ HTTP/1.1" 200 0
[25/Jul/2026 11:28:07] "GET /api/auth/me/ HTTP/1.1" 200 206
[25/Jul/2026 11:28:15] "GET /api/needs/ HTTP/1.1" 200 402
[25/Jul/2026 11:38:04] "OPTIONS /api/auth/login/ HTTP/1.1" 200 0
[25/Jul/2026 11:38:05] "POST /api/auth/login/ HTTP/1.1" 200 1437
[25/Jul/2026 11:38:05] "OPTIONS /api/needs/ HTTP/1.1" 200 0
[25/Jul/2026 11:38:05] "GET /api/needs/ HTTP/1.1" 200 402
[25/Jul/2026 11:38:10] "OPTIONS /api/donations/my-donations/ HTTP/1.1" 200 0
[25/Jul/2026 11:38:10] "GET /api/donations/my-donations/ HTTP/1.1" 200 357
[25/Jul/2026 11:38:13] "OPTIONS /api/auth/me/ HTTP/1.1" 200 0
[25/Jul/2026 11:38:13] "GET /api/auth/me/ HTTP/1.1" 200 206
[25/Jul/2026 11:40:13] "GET /api/needs/ HTTP/1.1" 200 402
[25/Jul/2026 11:40:15] "OPTIONS /api/notifications/ HTTP/1.1" 200 0
[25/Jul/2026 11:40:15] "GET /api/notifications/ HTTP/1.1" 200 2
[25/Jul/2026 11:40:41] "OPTIONS /api/donations/ HTTP/1.1" 200 0
[25/Jul/2026 11:40:41] "POST /api/donations/ HTTP/1.1" 201 115
[25/Jul/2026 11:46:11] "OPTIONS /api/auth/login/ HTTP/1.1" 200 0
[25/Jul/2026 11:46:12] "POST /api/auth/login/ HTTP/1.1" 200 1437
[25/Jul/2026 11:46:12] "OPTIONS /api/needs/ HTTP/1.1" 200 0
[25/Jul/2026 11:46:12] "GET /api/needs/ HTTP/1.1" 200 402
[25/Jul/2026 11:46:18] "OPTIONS /api/notifications/ HTTP/1.1" 200 0
[25/Jul/2026 11:46:18] "GET /api/notifications/ HTTP/1.1" 200 2
[25/Jul/2026 11:46:41] "OPTIONS /api/donations/my-donations/ HTTP/1.1" 200 0
[25/Jul/2026 11:46:41] "GET /api/donations/my-donations/ HTTP/1.1" 200 473
[25/Jul/2026 11:46:48] "OPTIONS /api/auth/me/ HTTP/1.1" 200 0
[25/Jul/2026 11:46:48] "GET /api/auth/me/ HTTP/1.1" 200 206
[25/Jul/2026 11:55:52] "OPTIONS /api/auth/login/ HTTP/1.1" 200 0
Unauthorized: /api/auth/login/
{"time":"2026-07-25 11:55:53,583","level":"WARNING","logger":"django.request","message":"Unauthorized: /api/auth/login/"}
[25/Jul/2026 11:55:53] "POST /api/auth/login/ HTTP/1.1" 401 32
Unauthorized: /api/auth/login/
{"time":"2026-07-25 11:56:06,253","level":"WARNING","logger":"django.request","message":"Unauthorized: /api/auth/login/"}
[25/Jul/2026 11:56:06] "POST /api/auth/login/ HTTP/1.1" 401 32
Unauthorized: /api/auth/login/
{"time":"2026-07-25 11:56:19,160","level":"WARNING","logger":"django.request","message":"Unauthorized: /api/auth/login/"}
[25/Jul/2026 11:56:19] "POST /api/auth/login/ HTTP/1.1" 401 32
[25/Jul/2026 11:58:29] "OPTIONS /api/auth/register/ HTTP/1.1" 200 0
[25/Jul/2026 11:58:30] "POST /api/auth/register/ HTTP/1.1" 201 1512
[25/Jul/2026 11:58:30] "OPTIONS /api/volunteer-opportunities/ HTTP/1.1" 200 0
[25/Jul/2026 11:58:30] "GET /api/volunteer-opportunities/ HTTP/1.1" 200 386
[25/Jul/2026 11:58:36] "OPTIONS /api/notifications/ HTTP/1.1" 200 0
[25/Jul/2026 11:58:36] "GET /api/notifications/ HTTP/1.1" 200 2
[25/Jul/2026 11:58:38] "GET /api/volunteer-opportunities/ HTTP/1.1" 200 386
[25/Jul/2026 11:58:51] "GET /api/volunteer-opportunities/ HTTP/1.1" 200 386
[25/Jul/2026 11:58:57] "OPTIONS /api/auth/me/ HTTP/1.1" 200 0
[25/Jul/2026 11:58:57] "GET /api/auth/me/ HTTP/1.1" 200 214
[25/Jul/2026 11:59:17] "GET /api/volunteer-opportunities/ HTTP/1.1" 200 386
[25/Jul/2026 11:59:53] "GET /api/volunteer-opportunities/ HTTP/1.1" 200 386
[25/Jul/2026 12:00:19] "GET /api/volunteer-opportunities/ HTTP/1.1" 200 386
[25/Jul/2026 12:02:06] "OPTIONS /api/volunteer-opportunities/1/apply/ HTTP/1.1" 200 0
[25/Jul/2026 12:02:07] "POST /api/volunteer-opportunities/1/apply/ HTTP/1.1" 201 611
[25/Jul/2026 12:02:07] "GET /api/volunteer-opportunities/ HTTP/1.1" 200 386
[25/Jul/2026 12:02:12] "GET /api/volunteer-opportunities/ HTTP/1.1" 200 386
[25/Jul/2026 12:02:14] "GET /api/volunteer-opportunities/ HTTP/1.1" 200 386
[25/Jul/2026 12:02:23] "GET /api/auth/me/ HTTP/1.1" 200 214
[25/Jul/2026 12:02:25] "OPTIONS /api/volunteer-applications/ HTTP/1.1" 200 0
[25/Jul/2026 12:02:25] "GET /api/volunteer-applications/ HTTP/1.1" 200 613
[25/Jul/2026 12:02:55] "GET /api/volunteer-opportunities/ HTTP/1.1" 200 386
[25/Jul/2026 12:02:57] "GET /api/notifications/ HTTP/1.1" 200 2
[25/Jul/2026 12:02:59] "GET /api/volunteer-opportunities/ HTTP/1.1" 200 386
[25/Jul/2026 12:04:37] "GET /api/notifications/ HTTP/1.1" 200 2
[25/Jul/2026 12:04:41] "GET /api/volunteer-opportunities/ HTTP/1.1" 200 386
[25/Jul/2026 12:04:52] "GET /api/volunteer-opportunities/ HTTP/1.1" 200 386
[25/Jul/2026 12:04:59] "GET /api/volunteer-opportunities/ HTTP/1.1" 200 386
[25/Jul/2026 12:07:39] "POST /api/volunteer-opportunities/1/apply/ HTTP/1.1" 200 611
[25/Jul/2026 12:07:39] "GET /api/volunteer-opportunities/ HTTP/1.1" 200 386
[25/Jul/2026 12:07:42] "GET /api/volunteer-opportunities/ HTTP/1.1" 200 386
[25/Jul/2026 12:07:49] "GET /api/auth/me/ HTTP/1.1" 200 214
[25/Jul/2026 12:08:49] "GET /api/auth/me/ HTTP/1.1" 200 214
[25/Jul/2026 12:08:49] "GET /api/volunteer-applications/ HTTP/1.1" 200 613
[25/Jul/2026 12:09:09] "GET /api/volunteer-applications/ HTTP/1.1" 200 613
[25/Jul/2026 12:12:48] "OPTIONS /api/auth/login/ HTTP/1.1" 200 0
[25/Jul/2026 12:12:48] "POST /api/auth/login/ HTTP/1.1" 200 1445
[25/Jul/2026 12:12:49] "OPTIONS /api/volunteer-opportunities/ HTTP/1.1" 200 0
[25/Jul/2026 12:12:49] "GET /api/volunteer-opportunities/ HTTP/1.1" 200 386
[25/Jul/2026 12:12:54] "GET /api/volunteer-opportunities/ HTTP/1.1" 200 386
[25/Jul/2026 12:13:03] "OPTIONS /api/auth/me/ HTTP/1.1" 200 0
[25/Jul/2026 12:13:03] "GET /api/auth/me/ HTTP/1.1" 200 214
[25/Jul/2026 12:15:48] "GET /api/volunteer-opportunities/ HTTP/1.1" 200 386
[25/Jul/2026 12:16:41] "OPTIONS /api/notifications/ HTTP/1.1" 200 0
[25/Jul/2026 12:16:41] "GET /api/notifications/ HTTP/1.1" 200 2
[25/Jul/2026 12:16:42] "GET /api/volunteer-opportunities/ HTTP/1.1" 200 386
[25/Jul/2026 12:16:51] "GET /api/volunteer-opportunities/ HTTP/1.1" 200 386
[25/Jul/2026 12:16:54] "GET /api/volunteer-opportunities/ HTTP/1.1" 200 386
[25/Jul/2026 12:16:59] "GET /api/auth/me/ HTTP/1.1" 200 214
[25/Jul/2026 12:17:01] "OPTIONS /api/volunteer-applications/ HTTP/1.1" 200 0
[25/Jul/2026 12:17:01] "GET /api/volunteer-applications/ HTTP/1.1" 200 613
[25/Jul/2026 12:43:56] "OPTIONS /api/auth/login/ HTTP/1.1" 200 0
[25/Jul/2026 12:43:57] "POST /api/auth/login/ HTTP/1.1" 200 1445
[25/Jul/2026 12:43:57] "OPTIONS /api/volunteer-opportunities/ HTTP/1.1" 200 0
[25/Jul/2026 12:43:57] "GET /api/volunteer-opportunities/ HTTP/1.1" 200 386
[25/Jul/2026 12:52:00] "GET /api/volunteer-opportunities/ HTTP/1.1" 200 386
[25/Jul/2026 12:52:04] "GET /api/volunteer-opportunities/ HTTP/1.1" 200 386
[25/Jul/2026 12:53:44] "OPTIONS /api/auth/login/ HTTP/1.1" 200 0
[25/Jul/2026 12:53:44] "POST /api/auth/login/ HTTP/1.1" 200 1437
[25/Jul/2026 12:53:45] "OPTIONS /api/needs/ HTTP/1.1" 200 0
[25/Jul/2026 12:53:45] "GET /api/needs/ HTTP/1.1" 200 402
[25/Jul/2026 14:05:28] "OPTIONS /api/auth/login/ HTTP/1.1" 200 0
[25/Jul/2026 14:05:29] "POST /api/auth/login/ HTTP/1.1" 200 1437
[25/Jul/2026 14:05:30] "OPTIONS /api/needs/ HTTP/1.1" 200 0
[25/Jul/2026 14:05:30] "GET /api/needs/ HTTP/1.1" 200 402
[25/Jul/2026 14:05:35] "OPTIONS /api/donations/my-donations/ HTTP/1.1" 200 0
[25/Jul/2026 14:05:35] "GET /api/donations/my-donations/ HTTP/1.1" 200 473
[25/Jul/2026 14:05:38] "OPTIONS /api/auth/me/ HTTP/1.1" 200 0
[25/Jul/2026 14:05:38] "GET /api/auth/me/ HTTP/1.1" 200 206
[25/Jul/2026 14:06:29] "GET /api/needs/ HTTP/1.1" 200 402
[25/Jul/2026 16:42:47] "OPTIONS /api/auth/login/ HTTP/1.1" 200 0
[25/Jul/2026 16:42:48] "POST /api/auth/login/ HTTP/1.1" 200 1437
[25/Jul/2026 16:42:48] "OPTIONS /api/needs/ HTTP/1.1" 200 0
[25/Jul/2026 16:42:48] "GET /api/needs/ HTTP/1.1" 200 2
[25/Jul/2026 16:42:53] "GET /api/needs/ HTTP/1.1" 200 2
[25/Jul/2026 16:42:59] "OPTIONS /api/donations/my-donations/ HTTP/1.1" 200 0
[25/Jul/2026 16:42:59] "GET /api/donations/my-donations/ HTTP/1.1" 200 473
[25/Jul/2026 16:43:01] "OPTIONS /api/auth/me/ HTTP/1.1" 200 0
[25/Jul/2026 16:43:01] "GET /api/auth/me/ HTTP/1.1" 200 206
[25/Jul/2026 16:48:03] "GET /api/needs/ HTTP/1.1" 200 2
[25/Jul/2026 16:48:06] "GET /api/needs/ HTTP/1.1" 200 2
[25/Jul/2026 16:48:11] "GET /api/needs/ HTTP/1.1" 200 2
[25/Jul/2026 16:48:46] "GET /api/auth/me/ HTTP/1.1" 200 206
[25/Jul/2026 16:48:46] "GET /api/donations/my-donations/ HTTP/1.1" 200 473
[25/Jul/2026 16:49:03] "GET /api/needs/ HTTP/1.1" 200 2
[25/Jul/2026 16:59:44] "GET /api/auth/me/ HTTP/1.1" 200 206
[25/Jul/2026 16:59:44] "GET /api/donations/my-donations/ HTTP/1.1" 200 473
[25/Jul/2026 16:59:47] "GET /api/needs/ HTTP/1.1" 200 2
[25/Jul/2026 17:07:29] "HEAD /api/health/ HTTP/1.1" 200 0
[25/Jul/2026 17:20:25] "HEAD /api/docs/ HTTP/1.1" 200 0
[25/Jul/2026 17:20:25] "HEAD /api/health/ HTTP/1.1" 200 0
[25/Jul/2026 17:22:33] "GET /api/health/ HTTP/1.1" 200 5322
[25/Jul/2026 17:22:34] "GET /static/rest_framework/css/prettify.css HTTP/1.1" 200 817
[25/Jul/2026 17:22:34] "GET /static/rest_framework/css/default.css HTTP/1.1" 200 1152
[25/Jul/2026 17:22:34] "GET /static/rest_framework/css/bootstrap.min.css HTTP/1.1" 200 121457
[25/Jul/2026 17:22:34] "GET /static/rest_framework/js/csrf.js HTTP/1.1" 200 1719
[25/Jul/2026 17:22:34] "GET /static/rest_framework/css/bootstrap-tweaks.css HTTP/1.1" 200 3385
[25/Jul/2026 17:22:34] "GET /static/rest_framework/img/grid.png HTTP/1.1" 200 1458
[25/Jul/2026 17:22:34] "GET /static/rest_framework/js/ajax-form.js HTTP/1.1" 200 3597
[25/Jul/2026 17:22:34] "GET /static/rest_framework/js/default.js HTTP/1.1" 200 1268
[25/Jul/2026 17:22:34] "GET /static/rest_framework/js/bootstrap.min.js HTTP/1.1" 200 39680
[25/Jul/2026 17:22:34] "GET /static/rest_framework/js/prettify-min.js HTTP/1.1" 200 13632
[25/Jul/2026 17:22:34] "GET /static/rest_framework/js/jquery-3.5.1.min.js HTTP/1.1" 200 89476
Not Found: /favicon.ico
{"time":"2026-07-25 17:22:34,759","level":"WARNING","logger":"django.request","message":"Not Found: /favicon.ico"}
[25/Jul/2026 17:22:34] "GET /favicon.ico HTTP/1.1" 404 4428
[25/Jul/2026 17:22:40] "GET /api/docs/ HTTP/1.1" 200 4449
[25/Jul/2026 17:22:42] "GET /api/schema/ HTTP/1.1" 200 169336
[25/Jul/2026 17:22:46] "GET /admin/ HTTP/1.1" 302 0
[25/Jul/2026 17:22:46] "GET /admin/login/?next=/admin/ HTTP/1.1" 200 4329
[25/Jul/2026 17:22:46] "GET /static/admin/css/rtl.css HTTP/1.1" 200 4977
[25/Jul/2026 17:22:46] "GET /static/admin/css/dark_mode.css HTTP/1.1" 200 2682
[25/Jul/2026 17:22:46] "GET /static/admin/css/nav_sidebar.css HTTP/1.1" 200 2810
[25/Jul/2026 17:22:46] "GET /static/admin/css/login.css HTTP/1.1" 200 958
[25/Jul/2026 17:22:46] "GET /static/admin/css/responsive.css HTTP/1.1" 200 17905
[25/Jul/2026 17:22:46] "GET /static/admin/css/base.css HTTP/1.1" 200 21544
[25/Jul/2026 17:22:46] "GET /static/admin/css/responsive_rtl.css HTTP/1.1" 200 1864
[25/Jul/2026 17:22:46] "GET /static/admin/js/theme.js HTTP/1.1" 200 1943
[25/Jul/2026 17:22:46] "GET /static/admin/js/nav_sidebar.js HTTP/1.1" 200 3063
[25/Jul/2026 17:32:50] "GET / HTTP/1.1" 302 0
[25/Jul/2026 17:32:50] "GET /admin/login/?next=/ HTTP/1.1" 200 4317
[25/Jul/2026 17:32:50] "GET /static/admin/css/dark_mode.css HTTP/1.1" 200 2682
[25/Jul/2026 17:32:50] "GET /static/admin/css/base.css HTTP/1.1" 200 21544
[25/Jul/2026 17:32:50] "GET /static/admin/css/nav_sidebar.css HTTP/1.1" 200 2810
[25/Jul/2026 17:32:50] "GET /static/admin/css/responsive_rtl.css HTTP/1.1" 200 1864
[25/Jul/2026 17:32:50] "GET /static/admin/css/login.css HTTP/1.1" 200 958
[25/Jul/2026 17:32:50] "GET /static/admin/css/rtl.css HTTP/1.1" 200 4977
[25/Jul/2026 17:32:50] "GET /static/admin/css/responsive.css HTTP/1.1" 200 17905
[25/Jul/2026 17:32:50] "GET /static/admin/js/theme.js HTTP/1.1" 200 1943
[25/Jul/2026 17:32:50] "GET /static/admin/js/nav_sidebar.js HTTP/1.1" 200 3063
Not Found: /favicon.ico
{"time":"2026-07-25 17:32:51,118","level":"WARNING","logger":"django.request","message":"Not Found: /favicon.ico"}
[25/Jul/2026 17:32:51] "GET /favicon.ico HTTP/1.1" 404 4428
[25/Jul/2026 17:34:30] "POST /admin/login/?next=/ HTTP/1.1" 200 4562
[25/Jul/2026 17:36:41] "HEAD / HTTP/1.1" 302 0
[25/Jul/2026 17:36:41] "HEAD /admin/ HTTP/1.1" 302 0
[25/Jul/2026 17:36:41] "HEAD /orphans/ HTTP/1.1" 302 0
[25/Jul/2026 17:37:18] "GET / HTTP/1.1" 302 0
[25/Jul/2026 17:37:18] "GET /admin/login/?next=/ HTTP/1.1" 200 4317
[25/Jul/2026 17:37:18] "GET /static/admin/css/base.css HTTP/1.1" 200 21544
[25/Jul/2026 17:37:18] "GET /static/admin/css/dark_mode.css HTTP/1.1" 200 2682
[25/Jul/2026 17:37:18] "GET /static/admin/css/nav_sidebar.css HTTP/1.1" 200 2810
[25/Jul/2026 17:37:18] "GET /static/admin/css/responsive_rtl.css HTTP/1.1" 200 1864
[25/Jul/2026 17:37:18] "GET /static/admin/js/theme.js HTTP/1.1" 200 1943
[25/Jul/2026 17:37:18] "GET /static/admin/css/login.css HTTP/1.1" 200 958
[25/Jul/2026 17:37:18] "GET /static/admin/css/rtl.css HTTP/1.1" 200 4977
[25/Jul/2026 17:37:18] "GET /static/admin/css/responsive.css HTTP/1.1" 200 17905
[25/Jul/2026 17:37:18] "GET /static/admin/js/nav_sidebar.js HTTP/1.1" 200 3063
Not Found: /favicon.ico
{"time":"2026-07-25 17:37:18,875","level":"WARNING","logger":"django.request","message":"Not Found: /favicon.ico"}
[25/Jul/2026 17:37:18] "GET /favicon.ico HTTP/1.1" 404 4428
[25/Jul/2026 17:37:41] "GET / HTTP/1.1" 302 0
[25/Jul/2026 17:37:41] "GET /admin/login/?next=/ HTTP/1.1" 200 4317
[25/Jul/2026 18:00:10] "GET /admin/ HTTP/1.1" 302 0
[25/Jul/2026 18:00:10] "GET /admin/login/?next=/admin/ HTTP/1.1" 200 4329
[25/Jul/2026 18:00:34] "POST /admin/login/?next=/admin/ HTTP/1.1" 302 0
[25/Jul/2026 18:00:34] "GET /admin/ HTTP/1.1" 200 11906
[25/Jul/2026 18:00:34] "GET /static/admin/css/dashboard.css HTTP/1.1" 200 441
[25/Jul/2026 18:00:34] "GET /static/admin/img/icon-changelink.svg HTTP/1.1" 200 380
[25/Jul/2026 18:00:34] "GET /static/admin/img/icon-addlink.svg HTTP/1.1" 200 331
[25/Jul/2026 18:00:58] "GET /admin/management/carehome/add/ HTTP/1.1" 200 19893
[25/Jul/2026 18:00:58] "GET /static/admin/css/forms.css HTTP/1.1" 200 9048
[25/Jul/2026 18:00:59] "GET /static/admin/js/jquery.init.js HTTP/1.1" 200 347
[25/Jul/2026 18:00:59] "GET /static/admin/js/core.js HTTP/1.1" 200 6208
[25/Jul/2026 18:00:59] "GET /static/admin/js/admin/RelatedObjectLookups.js HTTP/1.1" 200 9042
[25/Jul/2026 18:00:59] "GET /static/admin/css/widgets.css HTTP/1.1" 200 11800
[25/Jul/2026 18:00:59] "GET /static/admin/js/actions.js HTTP/1.1" 200 8067
[25/Jul/2026 18:00:59] "GET /admin/jsi18n/ HTTP/1.1" 200 14010
[25/Jul/2026 18:00:59] "GET /static/admin/js/prepopulate.js HTTP/1.1" 200 1531
[25/Jul/2026 18:00:59] "GET /static/admin/js/urlify.js HTTP/1.1" 200 7887
[25/Jul/2026 18:00:59] "GET /static/admin/js/vendor/jquery/jquery.js HTTP/1.1" 200 285314
[25/Jul/2026 18:00:59] "GET /static/admin/js/prepopulate_init.js HTTP/1.1" 200 586
[25/Jul/2026 18:00:59] "GET /static/admin/img/icon-deletelink.svg HTTP/1.1" 200 392
[25/Jul/2026 18:00:59] "GET /static/admin/img/icon-viewlink.svg HTTP/1.1" 200 581
[25/Jul/2026 18:00:59] "GET /static/admin/js/change_form.js HTTP/1.1" 200 606
[25/Jul/2026 18:00:59] "GET /static/admin/js/vendor/xregexp/xregexp.js HTTP/1.1" 200 325171
[25/Jul/2026 18:03:11] "GET / HTTP/1.1" 200 8087
[25/Jul/2026 18:04:12] "GET /orphans/ HTTP/1.1" 200 7828
[25/Jul/2026 18:04:15] "GET /volunteers/ HTTP/1.1" 200 9054
[25/Jul/2026 18:04:24] "GET /sponsors/ HTTP/1.1" 200 8320
[25/Jul/2026 18:04:32] "GET /donations/ HTTP/1.1" 200 14530
[25/Jul/2026 18:05:17] "GET /sponsors/ HTTP/1.1" 200 8320
[25/Jul/2026 18:05:20] "GET /inventory/ HTTP/1.1" 200 8384
[25/Jul/2026 18:05:35] "GET /orphans/ HTTP/1.1" 200 7828
[25/Jul/2026 18:05:39] "GET /sponsors/ HTTP/1.1" 200 8320
[25/Jul/2026 18:05:41] "GET /donations/ HTTP/1.1" 200 14530
[25/Jul/2026 18:07:00] "GET / HTTP/1.1" 200 8087
[25/Jul/2026 18:21:51] "GET /inventory/ HTTP/1.1" 200 8384
[25/Jul/2026 18:22:05] "GET /reports/ HTTP/1.1" 200 6902
[25/Jul/2026 18:22:16] "GET /donations/ HTTP/1.1" 200 14530
[25/Jul/2026 18:22:33] "GET /delete_donation/3/ HTTP/1.1" 302 0
[25/Jul/2026 18:22:33] "GET /donations/ HTTP/1.1" 200 13404
[25/Jul/2026 18:27:44] "GET /sponsors/ HTTP/1.1" 200 8320
[25/Jul/2026 18:27:48] "GET /volunteers/ HTTP/1.1" 200 9054
[25/Jul/2026 18:27:52] "GET /inventory/ HTTP/1.1" 200 8384
[25/Jul/2026 18:27:58] "GET /orphans/ HTTP/1.1" 200 7828
[25/Jul/2026 18:34:16] "OPTIONS /api/auth/login/ HTTP/1.1" 200 0
[25/Jul/2026 18:34:16] "POST /api/auth/login/ HTTP/1.1" 200 1437
[25/Jul/2026 18:34:17] "OPTIONS /api/needs/ HTTP/1.1" 200 0
[25/Jul/2026 18:34:17] "GET /api/needs/ HTTP/1.1" 200 2
[25/Jul/2026 18:34:28] "OPTIONS /api/donations/my-donations/ HTTP/1.1" 200 0
[25/Jul/2026 18:34:28] "GET /api/donations/my-donations/ HTTP/1.1" 200 473
